// Vitest Snapshot v1, https://vitest.dev/guide/snapshot.html

exports[`CLI brain boundary > keeps conductor run --dry-run brain-free with no config access 1`] = `
"{
  "recipeId": "title-card",
  "title": "Professional Title Card",
  "params": {
    "text": "Brain-free title",
    "font": "Sans Serif",
    "duration": 4,
    "sizePreset": "medium",
    "inOutStyle": "rise",
    "outputPath": "/renders/brain-free.mov"
  },
  "steps": [
    {
      "id": "inspect-project-state",
      "server": "aftereffects",
      "operation": "projectInfo",
      "contractArgs": {
        "action": "inspect",
        "settings": {}
      },
      "tool": "execute_extend_script",
      "args": {
        "script_string": "/* projectInfo: rendered at run time */"
      },
      "timeoutMs": 30000,
      "verify": {
        "type": "object",
        "required": [
          "structuredContent"
        ]
      }
    },
    {
      "id": "build-title-composition",
      "server": "aftereffects",
      "operation": "createComp",
      "contractArgs": {
        "name": "Conductor Title Card",
        "width": 1920,
        "height": 1080,
        "pixelAspect": 1,
        "frameRate": 24,
        "durationSeconds": 4,
        "backgroundColor": "#101010"
      },
      "tool": "execute_extend_script",
      "args": {
        "script_string": "/* createComp: rendered at run time */"
      },
      "timeoutMs": 30000,
      "verify": {
        "type": "object",
        "required": [
          "structuredContent"
        ],
        "properties": {
          "structuredContent": {
            "type": "object",
            "required": [
              "compId"
            ]
          }
        }
      }
    },
    {
      "id": "place-centered-title-layer",
      "server": "aftereffects",
      "operation": "addTextLayer",
      "contractArgs": {
        "compId": "\${steps.build-title-composition.result.structuredContent.compId}",
        "name": "Primary Title",
        "text": "Brain-free title",
        "font": "Sans Serif",
        "sizePreset": "medium",
        "alignment": "center",
        "position": [
          960,
          540
        ],
        "color": "#F2F2F2",
        "motionBlur": true
      },
      "tool": "execute_extend_script",
      "args": {
        "script_string": "/* addTextLayer: rendered at run time */"
      },
      "timeoutMs": 30000,
      "verify": {
        "type": "object",
        "required": [
          "structuredContent"
        ],
        "properties": {
          "structuredContent": {
            "type": "object",
            "required": [
              "layerId"
            ]
          }
        }
      }
    },
    {
      "id": "entrance-overshoot-keyframes",
      "server": "aftereffects",
      "operation": "setKeyframes",
      "contractArgs": {
        "layerId": "\${steps.place-centered-title-layer.result.structuredContent.layerId}",
        "property": "positionY",
        "timeMode": "normalized",
        "keyframes": [
          {
            "time": 0,
            "value": 640
          },
          {
            "time": 0.14,
            "value": 522
          },
          {
            "time": 0.22,
            "value": 540
          }
        ],
        "easing": {
          "type": "cubic-bezier",
          "profile": "overshoot-settle",
          "controlPoints": [
            0.16,
            1.2,
            0.3,
            1
          ]
        },
        "motionBlur": true
      },
      "tool": "execute_extend_script",
      "args": {
        "script_string": "/* setKeyframes: rendered at run time */"
      },
      "timeoutMs": 30000,
      "precondition": "\${params.inOutStyle} == \\"rise\\"",
      "verify": {
        "type": "object",
        "required": [
          "structuredContent"
        ]
      }
    },
    {
      "id": "rise-gentle-exit-keyframes",
      "server": "aftereffects",
      "operation": "setKeyframes",
      "contractArgs": {
        "layerId": "\${steps.place-centered-title-layer.result.structuredContent.layerId}",
        "property": "positionYOpacity",
        "timeMode": "normalized",
        "keyframes": [
          {
            "time": 0.82,
            "value": {
              "positionY": 540,
              "opacity": 100
            }
          },
          {
            "time": 1,
            "value": {
              "positionY": 490,
              "opacity": 0
            }
          }
        ],
        "easing": {
          "type": "cubic-bezier",
          "profile": "gentle-exit",
          "controlPoints": [
            0.4,
            0,
            0.7,
            1
          ]
        },
        "motionBlur": true
      },
      "tool": "execute_extend_script",
      "args": {
        "script_string": "/* setKeyframes: rendered at run time */"
      },
      "timeoutMs": 30000,
      "precondition": "\${params.inOutStyle} == \\"rise\\"",
      "verify": {
        "type": "object",
        "required": [
          "structuredContent"
        ]
      }
    },
    {
      "id": "queue-verified-title-render",
      "server": "aftereffects",
      "operation": "queueRender",
      "contractArgs": {
        "compId": "\${steps.build-title-composition.result.structuredContent.compId}",
        "outputPath": "/renders/brain-free.mov",
        "format": "QuickTime",
        "codec": "ProRes 422",
        "bitDepth": 10,
        "colorSpace": "Rec.709 Gamma 2.4",
        "renderSettings": {
          "quality": "best",
          "motionBlur": true,
          "frameBlending": false
        }
      },
      "tool": "execute_extend_script",
      "args": {
        "script_string": "/* queueRender: rendered at run time */"
      },
      "timeoutMs": 30000,
      "verify": {
        "type": "object",
        "required": [
          "structuredContent"
        ],
        "properties": {
          "structuredContent": {
            "type": "object",
            "required": [
              "queued",
              "outputPath"
            ],
            "properties": {
              "queued": {
                "type": "boolean",
                "equals": true
              },
              "outputPath": {
                "type": "string"
              }
            }
          }
        }
      },
      "note": "Render queue handoff verified: confirm the reported output path before supervised rendering."
    }
  ]
}
"
`;

exports[`CLI brain boundary > prints a proposal but constructs no execution clients when confirmation is declined 1`] = `
"Proposal:
{
  "recipe": "title-card",
  "params": {
    "text": "Mocked proposal",
    "font": "Sans Serif",
    "duration": 4,
    "sizePreset": "medium",
    "inOutStyle": "rise",
    "outputPath": "/renders/mocked.mov"
  },
  "rationale": "The goal asks for a concise title."
}
Cancelled; no recipe was executed.
"
`;
